// Vitest Snapshot v1, https://vitest.dev/guide/snapshot.html

exports[`Header > should match snapshot 1`] = `
{
  "asFragment": [Function],
  "baseElement": <body>
    <div>
      <header
        class="MuiPaper-root MuiPaper-elevation MuiPaper-elevation4 MuiAppBar-root MuiAppBar-colorDefault MuiAppBar-positionStatic css-owe5nn-MuiPaper-root-MuiAppBar-root"
      >
        <button
          class="MuiButtonBase-root MuiIconButton-root MuiIconButton-sizeMedium css-x6g243-MuiButtonBase-root-MuiIconButton-root"
          tabindex="0"
          type="button"
        >
          <div
            class="MuiAvatar-root MuiAvatar-circular css-1qjb60v-MuiAvatar-root"
          >
            <img
              alt="User"
              class="MuiAvatar-img css-1pqm26d-MuiAvatar-img"
              src="/src/assets/noUserIcon.svg"
            />
          </div>
          <span
            class="MuiTouchRipple-root css-8je8zh-MuiTouchRipple-root"
          />
        </button>
        <svg
          aria-hidden="true"
          aria-label="logo"
          class="MuiSvgIcon-root MuiSvgIcon-fontSizeMedium css-1o780gf-MuiSvgIcon-root"
          focusable="false"
        >
          <svg
            class="logo"
            fill="none"
            viewBox="0 0 325 325"
            xmlns="http://www.w3.org/2000/svg"
          >
            <path
              d="M107.5 92.5H53L107.5 38M107.5 92.5H150.5H162M107.5 92.5L53 38H107.5M107.5 92.5L162 38M107.5 38L162 92.5M107.5 38H162M162 92.5L216.5 38M162 92.5H216.5M216.5 38L271 92.5H216.5M216.5 38H162M216.5 38H271L216.5 92.5M162 38L216.5 92.5"
              stroke="black"
              stroke-width="16"
            />
            <path
              d="M162 100.5C162 100.5 162 195.5 162 251C162 287.031 117 285.5 117 285.5"
              stroke="black"
              stroke-width="45"
            />
          </svg>
        </svg>
      </header>
    </div>
  </body>,
  "container": <div>
    <header
      class="MuiPaper-root MuiPaper-elevation MuiPaper-elevation4 MuiAppBar-root MuiAppBar-colorDefault MuiAppBar-positionStatic css-owe5nn-MuiPaper-root-MuiAppBar-root"
    >
      <button
        class="MuiButtonBase-root MuiIconButton-root MuiIconButton-sizeMedium css-x6g243-MuiButtonBase-root-MuiIconButton-root"
        tabindex="0"
        type="button"
      >
        <div
          class="MuiAvatar-root MuiAvatar-circular css-1qjb60v-MuiAvatar-root"
        >
          <img
            alt="User"
            class="MuiAvatar-img css-1pqm26d-MuiAvatar-img"
            src="/src/assets/noUserIcon.svg"
          />
        </div>
        <span
          class="MuiTouchRipple-root css-8je8zh-MuiTouchRipple-root"
        />
      </button>
      <svg
        aria-hidden="true"
        aria-label="logo"
        class="MuiSvgIcon-root MuiSvgIcon-fontSizeMedium css-1o780gf-MuiSvgIcon-root"
        focusable="false"
      >
        <svg
          class="logo"
          fill="none"
          viewBox="0 0 325 325"
          xmlns="http://www.w3.org/2000/svg"
        >
          <path
            d="M107.5 92.5H53L107.5 38M107.5 92.5H150.5H162M107.5 92.5L53 38H107.5M107.5 92.5L162 38M107.5 38L162 92.5M107.5 38H162M162 92.5L216.5 38M162 92.5H216.5M216.5 38L271 92.5H216.5M216.5 38H162M216.5 38H271L216.5 92.5M162 38L216.5 92.5"
            stroke="black"
            stroke-width="16"
          />
          <path
            d="M162 100.5C162 100.5 162 195.5 162 251C162 287.031 117 285.5 117 285.5"
            stroke="black"
            stroke-width="45"
          />
        </svg>
      </svg>
    </header>
  </div>,
  "debug": [Function],
  "findAllByAltText": [Function],
  "findAllByDisplayValue": [Function],
  "findAllByLabelText": [Function],
  "findAllByPlaceholderText": [Function],
  "findAllByRole": [Function],
  "findAllByTestId": [Function],
  "findAllByText": [Function],
  "findAllByTitle": [Function],
  "findByAltText": [Function],
  "findByDisplayValue": [Function],
  "findByLabelText": [Function],
  "findByPlaceholderText": [Function],
  "findByRole": [Function],
  "findByTestId": [Function],
  "findByText": [Function],
  "findByTitle": [Function],
  "getAllByAltText": [Function],
  "getAllByDisplayValue": [Function],
  "getAllByLabelText": [Function],
  "getAllByPlaceholderText": [Function],
  "getAllByRole": [Function],
  "getAllByTestId": [Function],
  "getAllByText": [Function],
  "getAllByTitle": [Function],
  "getByAltText": [Function],
  "getByDisplayValue": [Function],
  "getByLabelText": [Function],
  "getByPlaceholderText": [Function],
  "getByRole": [Function],
  "getByTestId": [Function],
  "getByText": [Function],
  "getByTitle": [Function],
  "queryAllByAltText": [Function],
  "queryAllByDisplayValue": [Function],
  "queryAllByLabelText": [Function],
  "queryAllByPlaceholderText": [Function],
  "queryAllByRole": [Function],
  "queryAllByTestId": [Function],
  "queryAllByText": [Function],
  "queryAllByTitle": [Function],
  "queryByAltText": [Function],
  "queryByDisplayValue": [Function],
  "queryByLabelText": [Function],
  "queryByPlaceholderText": [Function],
  "queryByRole": [Function],
  "queryByTestId": [Function],
  "queryByText": [Function],
  "queryByTitle": [Function],
  "rerender": [Function],
  "unmount": [Function],
}
`;
