// Vitest Snapshot v1, https://vitest.dev/guide/snapshot.html

exports[`App > should match snapshot 1`] = `
<div
  className="main"
>
  <div
    className="sidebar-menu"
  >
    <button
      aria-label="menu"
      className="MuiButtonBase-root MuiIconButton-root MuiIconButton-colorInherit MuiIconButton-edgeStart MuiIconButton-sizeMedium css-1d6w9lk-MuiButtonBase-root-MuiIconButton-root"
      disabled={false}
      onBlur={[Function]}
      onClick={[Function]}
      onContextMenu={[Function]}
      onDragLeave={[Function]}
      onFocus={[Function]}
      onKeyDown={[Function]}
      onKeyUp={[Function]}
      onMouseDown={[Function]}
      onMouseLeave={[Function]}
      onMouseUp={[Function]}
      onTouchEnd={[Function]}
      onTouchMove={[Function]}
      onTouchStart={[Function]}
      tabIndex={0}
      type="button"
    >
      <svg
        aria-hidden={true}
        className="MuiSvgIcon-root MuiSvgIcon-fontSizeMedium css-bq05nv-MuiSvgIcon-root"
        data-testid="MenuIcon"
        focusable="false"
        viewBox="0 0 24 24"
      >
        <path
          d="M3 18h18v-2H3zm0-5h18v-2H3zm0-7v2h18V6z"
        />
      </svg>
    </button>
    <div
      className="logo-sm-box"
    >
      <img
        alt="logo"
        className="logo-sm-image"
        src="/assets/logo-sm.svg"
      />
      <span
        className="page-name"
      >
        Home
      </span>
    </div>
  </div>
  <ul
    className="MuiList-root MuiList-padding sidebar-list css-h4y409-MuiList-root"
  >
    <div
      className="logo-box"
    >
      <img
        alt="logo"
        className="logo-image"
        src="/assets/logo.svg"
      />
    </div>
    <div
      aria-label="menu"
      className="MuiButtonBase-root MuiListItemButton-root MuiListItemButton-gutters Mui-selected MuiListItemButton-root MuiListItemButton-gutters Mui-selected css-1iksp6b-MuiButtonBase-root-MuiListItemButton-root"
      onBlur={[Function]}
      onClick={[Function]}
      onContextMenu={[Function]}
      onDragLeave={[Function]}
      onFocus={[Function]}
      onKeyDown={[Function]}
      onKeyUp={[Function]}
      onMouseDown={[Function]}
      onMouseLeave={[Function]}
      onMouseUp={[Function]}
      onTouchEnd={[Function]}
      onTouchMove={[Function]}
      onTouchStart={[Function]}
      role="button"
      tabIndex={0}
    >
      <div
        className="MuiListItemIcon-root css-cveggr-MuiListItemIcon-root"
      >
        <svg
          aria-hidden={true}
          className="MuiSvgIcon-root MuiSvgIcon-fontSizeMedium css-i4bv87-MuiSvgIcon-root"
          data-testid="HomeIcon"
          focusable="false"
          viewBox="0 0 24 24"
        >
          <path
            d="M10 20v-6h4v6h5v-8h3L12 3 2 12h3v8z"
          />
        </svg>
      </div>
      <div
        className="MuiListItemText-root css-tlelie-MuiListItemText-root"
      >
        <span
          className="MuiTypography-root MuiTypography-body1 MuiListItemText-primary css-10hburv-MuiTypography-root"
        >
          Home
        </span>
      </div>
    </div>
    <div
      className="MuiButtonBase-root MuiListItemButton-root MuiListItemButton-gutters MuiListItemButton-root MuiListItemButton-gutters css-1yp53vg-MuiButtonBase-root-MuiListItemButton-root"
      onBlur={[Function]}
      onClick={[Function]}
      onContextMenu={[Function]}
      onDragLeave={[Function]}
      onFocus={[Function]}
      onKeyDown={[Function]}
      onKeyUp={[Function]}
      onMouseDown={[Function]}
      onMouseLeave={[Function]}
      onMouseUp={[Function]}
      onTouchEnd={[Function]}
      onTouchMove={[Function]}
      onTouchStart={[Function]}
      role="button"
      tabIndex={0}
    >
      <div
        className="MuiListItemIcon-root css-cveggr-MuiListItemIcon-root"
      >
        <svg
          aria-hidden={true}
          className="MuiSvgIcon-root MuiSvgIcon-fontSizeMedium css-i4bv87-MuiSvgIcon-root"
          data-testid="NoteIcon"
          focusable="false"
          viewBox="0 0 24 24"
        >
          <path
            d="m22 10-6-6H4c-1.1 0-2 .9-2 2v12.01c0 1.1.9 1.99 2 1.99l16-.01c1.1 0 2-.89 2-1.99zm-7-4.5 5.5 5.5H15z"
          />
        </svg>
      </div>
      <div
        className="MuiListItemText-root css-tlelie-MuiListItemText-root"
      >
        <span
          className="MuiTypography-root MuiTypography-body1 MuiListItemText-primary css-10hburv-MuiTypography-root"
        >
          My Posts
        </span>
      </div>
    </div>
    <a
      href="/create"
      onClick={[Function]}
      style={
        {
          "textDecoration": "none",
        }
      }
    >
      <div
        className="MuiButtonBase-root MuiListItemButton-root MuiListItemButton-gutters MuiListItemButton-root MuiListItemButton-gutters css-9dhvxx-MuiButtonBase-root-MuiListItemButton-root"
        onBlur={[Function]}
        onContextMenu={[Function]}
        onDragLeave={[Function]}
        onFocus={[Function]}
        onKeyDown={[Function]}
        onKeyUp={[Function]}
        onMouseDown={[Function]}
        onMouseLeave={[Function]}
        onMouseUp={[Function]}
        onTouchEnd={[Function]}
        onTouchMove={[Function]}
        onTouchStart={[Function]}
        role="button"
        tabIndex={0}
      >
        <div
          className="MuiListItemIcon-root css-cveggr-MuiListItemIcon-root"
        >
          <svg
            aria-hidden={true}
            className="MuiSvgIcon-root MuiSvgIcon-fontSizeMedium css-1d159sf-MuiSvgIcon-root"
            data-testid="PostAddIcon"
            focusable="false"
            viewBox="0 0 24 24"
          >
            <path
              d="M17 19.22H5V7h7V5H5c-1.1 0-2 .9-2 2v12c0 1.1.9 2 2 2h12c1.1 0 2-.9 2-2v-7h-2z"
            />
            <path
              d="M19 2h-2v3h-3c.01.01 0 2 0 2h3v2.99c.01.01 2 0 2 0V7h3V5h-3zM7 9h8v2H7zm0 3v2h8v-2h-3zm0 3h8v2H7z"
            />
          </svg>
        </div>
        <div
          className="MuiListItemText-root css-tlelie-MuiListItemText-root"
        >
          <span
            className="MuiTypography-root MuiTypography-body1 MuiListItemText-primary css-10hburv-MuiTypography-root"
          >
            Create a post
          </span>
        </div>
      </div>
    </a>
  </ul>
  <div
    className="MuiBox-root css-zlelhh"
  >
    <div
      className="MuiBox-root css-159nmtr"
    >
      <div
        className="MuiBox-root css-1gpjax4"
        data-testid="latest-box"
        onClick={[Function]}
      >
        Latest
      </div>
      <div
        className="MuiBox-root css-b66kpg"
        data-testid="popular-box"
        onClick={[Function]}
      >
        Most popular
      </div>
    </div>
    <p
      className="MuiTypography-root MuiTypography-body2 css-7005vn-MuiTypography-root"
    >
      There are no posts yet
    </p>
  </div>
</div>
`;
